
> rest-express@1.0.0 check
> tsc

client/src/components/invoices/InvoicePreview.tsx(2,20): error TS2307: Cannot find module 'qrcode' or its corresponding type declarations.
server/contractPdfPuppeteer.ts(5,20): error TS2307: Cannot find module 'qrcode' or its corresponding type declarations.
server/invoicePdfPuppeteer.ts(49,20): error TS2307: Cannot find module 'qrcode' or its corresponding type declarations.
server/replit_integrations/audio/routes.ts(23,27): error TS2345: Argument of type 'string | string[]' is not assignable to parameter of type 'string'.
  Type 'string[]' is not assignable to type 'string'.
server/replit_integrations/audio/routes.ts(51,27): error TS2345: Argument of type 'string | string[]' is not assignable to parameter of type 'string'.
  Type 'string[]' is not assignable to type 'string'.
server/replit_integrations/audio/routes.ts(65,39): error TS2345: Argument of type 'string | string[]' is not assignable to parameter of type 'string'.
  Type 'string[]' is not assignable to type 'string'.
server/replit_integrations/auth/replitAuth.ts(7,21): error TS7016: Could not find a declaration file for module 'memoizee'. 'C:/Users/Saidmuhammadalixon/Desktop/nazorat_system_saydx-main/node_modules/memoizee/index.js' implicitly has an 'any' type.
  Try `npm i --save-dev @types/memoizee` if it exists or add a new declaration (.d.ts) file containing `declare module 'memoizee';`
server/replit_integrations/batch/utils.ts(110,30): error TS2339: Property 'AbortError' does not exist on type '<T>(input: (attemptNumber: number) => T | PromiseLike<T>, options?: Options | undefined) => Promise<T>'.
server/replit_integrations/batch/utils.ts(159,32): error TS2339: Property 'AbortError' does not exist on type '<T>(input: (attemptNumber: number) => T | PromiseLike<T>, options?: Options | undefined) => Promise<T>'.
server/replit_integrations/chat/routes.ts(25,27): error TS2345: Argument of type 'string | string[]' is not assignable to parameter of type 'string'.
  Type 'string[]' is not assignable to type 'string'.
server/replit_integrations/chat/routes.ts(53,27): error TS2345: Argument of type 'string | string[]' is not assignable to parameter of type 'string'.
  Type 'string[]' is not assignable to type 'string'.
server/replit_integrations/chat/routes.ts(65,39): error TS2345: Argument of type 'string | string[]' is not assignable to parameter of type 'string'.
  Type 'string[]' is not assignable to type 'string'.
server/replit_integrations/image/client.ts(23,18): error TS18048: 'response.data' is possibly 'undefined'.
server/replit_integrations/image/client.ts(50,23): error TS18048: 'response.data' is possibly 'undefined'.
server/replit_integrations/image/routes.ts(20,25): error TS18048: 'response.data' is possibly 'undefined'.
server/seed.ts(190,31): error TS2769: No overload matches this call.
  Overload 1 of 2, '(value: { projectId: number | SQL<unknown> | Placeholder<string, any>; dueDate: Date | SQL<unknown> | Placeholder<string, any>; amount: string | SQL<unknown> | Placeholder<...>; ... 17 more ...; discountRate?: string | ... 2 more ... | undefined; }): PgInsertBase<...>', gave the following error.
    Argument of type '{ projectId: number; invoiceNumber: string; amount: string; currency: string; status: string; dueDate: Date; }' is not assignable to parameter of type '{ projectId: number | SQL<unknown> | Placeholder<string, any>; dueDate: Date | SQL<unknown> | Placeholder<string, any>; amount: string | SQL<unknown> | Placeholder<...>; ... 17 more ...; discountRate?: string | ... 2 more ... | undefined; }'.
      Property 'verificationToken' is missing in type '{ projectId: number; invoiceNumber: string; amount: string; currency: string; status: string; dueDate: Date; }' but required in type '{ projectId: number | SQL<unknown> | Placeholder<string, any>; dueDate: Date | SQL<unknown> | Placeholder<string, any>; amount: string | SQL<unknown> | Placeholder<...>; ... 17 more ...; discountRate?: string | ... 2 more ... | undefined; }'.
  Overload 2 of 2, '(values: { projectId: number | SQL<unknown> | Placeholder<string, any>; dueDate: Date | SQL<unknown> | Placeholder<string, any>; amount: string | SQL<unknown> | Placeholder<...>; ... 17 more ...; discountRate?: string | ... 2 more ... | undefined; }[]): PgInsertBase<...>', gave the following error.
    Object literal may only specify known properties, and 'projectId' does not exist in type '{ projectId: number | SQL<unknown> | Placeholder<string, any>; dueDate: Date | SQL<unknown> | Placeholder<string, any>; amount: string | SQL<unknown> | Placeholder<...>; ... 17 more ...; discountRate?: string | ... 2 more ... | undefined; }[]'.
server/seed.ts(199,31): error TS2769: No overload matches this call.
  Overload 1 of 2, '(value: { projectId: number | SQL<unknown> | Placeholder<string, any>; dueDate: Date | SQL<unknown> | Placeholder<string, any>; amount: string | SQL<unknown> | Placeholder<...>; ... 17 more ...; discountRate?: string | ... 2 more ... | undefined; }): PgInsertBase<...>', gave the following error.
    Argument of type '{ projectId: number; invoiceNumber: string; amount: string; currency: string; status: string; dueDate: Date; }' is not assignable to parameter of type '{ projectId: number | SQL<unknown> | Placeholder<string, any>; dueDate: Date | SQL<unknown> | Placeholder<string, any>; amount: string | SQL<unknown> | Placeholder<...>; ... 17 more ...; discountRate?: string | ... 2 more ... | undefined; }'.
      Property 'verificationToken' is missing in type '{ projectId: number; invoiceNumber: string; amount: string; currency: string; status: string; dueDate: Date; }' but required in type '{ projectId: number | SQL<unknown> | Placeholder<string, any>; dueDate: Date | SQL<unknown> | Placeholder<string, any>; amount: string | SQL<unknown> | Placeholder<...>; ... 17 more ...; discountRate?: string | ... 2 more ... | undefined; }'.
  Overload 2 of 2, '(values: { projectId: number | SQL<unknown> | Placeholder<string, any>; dueDate: Date | SQL<unknown> | Placeholder<string, any>; amount: string | SQL<unknown> | Placeholder<...>; ... 17 more ...; discountRate?: string | ... 2 more ... | undefined; }[]): PgInsertBase<...>', gave the following error.
    Object literal may only specify known properties, and 'projectId' does not exist in type '{ projectId: number | SQL<unknown> | Placeholder<string, any>; dueDate: Date | SQL<unknown> | Placeholder<string, any>; amount: string | SQL<unknown> | Placeholder<...>; ... 17 more ...; discountRate?: string | ... 2 more ... | undefined; }[]'.
